src/app/(main)/dashboard/page.tsx(232,18): error TS2741: Property 'href' is missing in type '{ children: Element[]; to: string; className: string; }' but required in type 'LinkProps<any>'.
src/app/(main)/dashboard/page.tsx(241,18): error TS2741: Property 'href' is missing in type '{ children: Element[]; to: string; className: string; }' but required in type 'LinkProps<any>'.
src/app/(main)/department/[departmentId]/page.tsx(4,40): error TS2307: Cannot find module '../../../lib/router' or its corresponding type declarations.
src/app/(main)/year/[yearId]/page.tsx(3,46): error TS2307: Cannot find module '../../../lib/router' or its corresponding type declarations.
src/app/(main)/year/[yearId]/semester/[semesterId]/page.tsx(3,33): error TS2307: Cannot find module '../../../../../lib/router' or its corresponding type declarations.
src/app/(main)/year/[yearId]/semester/[semesterId]/subject/[subjectId]/page.tsx(4,33): error TS2307: Cannot find module '../../../../../../../lib/router' or its corresponding type declarations.
src/app/(main)/year/[yearId]/semester/[semesterId]/subject/[subjectId]/page.tsx(21,20): error TS2307: Cannot find module '../../../../../../../utils/cn' or its corresponding type declarations.
src/app/(main)/year/[yearId]/semester/[semesterId]/subject/[subjectId]/page.tsx(22,34): error TS2307: Cannot find module '../../../../../../../store/resourceStore' or its corresponding type declarations.
src/app/(main)/year/[yearId]/semester/[semesterId]/subject/[subjectId]/page.tsx(23,28): error TS2307: Cannot find module '../../../../../../../components/CommentSection' or its corresponding type declarations.
src/app/auth/forgot-password/page.tsx(172,30): error TS2741: Property 'href' is missing in type '{ children: (string | Element)[]; to: string; className: string; }' but required in type 'LinkProps<any>'.
src/app/auth/forgot-password/page.tsx(275,30): error TS2741: Property 'href' is missing in type '{ children: string; to: string; className: string; }' but required in type 'LinkProps<any>'.
src/app/auth/login/page.tsx(167,14): error TS2741: Property 'href' is missing in type '{ children: string; to: string; className: string; }' but required in type 'LinkProps<any>'.
src/app/auth/login/page.tsx(210,16): error TS2741: Property 'href' is missing in type '{ children: string; to: string; className: string; }' but required in type 'LinkProps<any>'.
src/app/auth/register/page.tsx(361,16): error TS2741: Property 'href' is missing in type '{ children: string; to: string; className: string; }' but required in type 'LinkProps<any>'.
src/app/auth/register/page.tsx(365,16): error TS2741: Property 'href' is missing in type '{ children: string; to: string; className: string; }' but required in type 'LinkProps<any>'.
src/app/auth/register/page.tsx(391,16): error TS2741: Property 'href' is missing in type '{ children: string; to: string; className: string; }' but required in type 'LinkProps<any>'.
src/app/auth/reset-password/page.tsx(123,26): error TS2741: Property 'href' is missing in type '{ children: (string | Element)[]; to: string; className: string; }' but required in type 'LinkProps<any>'.
src/app/auth/reset-password/page.tsx(261,30): error TS2741: Property 'href' is missing in type '{ children: string; to: string; className: string; }' but required in type 'LinkProps<any>'.
src/components/layout/Footer.tsx(39,18): error TS2741: Property 'href' is missing in type '{ children: string; to: string; className: string; }' but required in type 'LinkProps<any>'.
src/components/layout/Footer.tsx(44,18): error TS2741: Property 'href' is missing in type '{ children: string; to: string; className: string; }' but required in type 'LinkProps<any>'.
src/components/layout/Footer.tsx(49,18): error TS2741: Property 'href' is missing in type '{ children: string; to: string; className: string; }' but required in type 'LinkProps<any>'.
src/components/layout/Footer.tsx(54,18): error TS2741: Property 'href' is missing in type '{ children: string; to: string; className: string; }' but required in type 'LinkProps<any>'.
src/components/layout/Footer.tsx(59,18): error TS2741: Property 'href' is missing in type '{ children: string; to: string; className: string; }' but required in type 'LinkProps<any>'.
src/components/layout/Footer.tsx(64,18): error TS2741: Property 'href' is missing in type '{ children: string; to: string; className: string; }' but required in type 'LinkProps<any>'.
src/components/layout/Footer.tsx(98,16): error TS2741: Property 'href' is missing in type '{ children: string; to: string; className: string; }' but required in type 'LinkProps<any>'.
src/components/layout/Footer.tsx(101,16): error TS2741: Property 'href' is missing in type '{ children: string; to: string; className: string; }' but required in type 'LinkProps<any>'.
src/components/layout/Footer.tsx(104,16): error TS2741: Property 'href' is missing in type '{ children: string; to: string; className: string; }' but required in type 'LinkProps<any>'.
src/components/layout/Navbar.tsx(63,12): error TS2741: Property 'href' is missing in type '{ children: Element[]; to: string; className: string; }' but required in type 'LinkProps<any>'.
src/components/layout/Navbar.tsx(84,18): error TS2741: Property 'href' is missing in type '{ children: Element[]; key: string; to: string; className: string; }' but required in type 'LinkProps<any>'.
src/components/layout/Navbar.tsx(164,22): error TS2741: Property 'href' is missing in type '{ children: Element[]; to: string; className: string; onClick: () => void; }' but required in type 'LinkProps<any>'.
src/components/layout/Navbar.tsx(172,22): error TS2741: Property 'href' is missing in type '{ children: Element[]; to: string; className: string; onClick: () => void; }' but required in type 'LinkProps<any>'.
src/components/layout/Navbar.tsx(193,18): error TS2741: Property 'href' is missing in type '{ children: string; to: string; className: string; }' but required in type 'LinkProps<any>'.
src/components/layout/Navbar.tsx(199,18): error TS2741: Property 'href' is missing in type '{ children: string; to: string; className: string; }' but required in type 'LinkProps<any>'.
src/components/layout/Navbar.tsx(257,20): error TS2741: Property 'href' is missing in type '{ children: Element[]; key: string; to: string; className: string; onClick: () => void; }' but required in type 'LinkProps<any>'.
